// Jest Snapshot v1, https://goo.gl/fbAQLP

exports[`DatePicker component Renders DatePicker component 1`] = `ShallowWrapper {}`;
